// Jest Snapshot v1, https://goo.gl/fbAQLP

exports[`Storyshots Components/Timers Test 1`] = `<ul />`;
